{
  "version": "1.5.0",
  "plugins_used": [
    {
      "name": "ArtifactoryDetector"
    },
    {
      "name": "AWSKeyDetector"
    },
    {
      "name": "AzureStorageKeyDetector"
    },
    {
      "name": "Base64HighEntropyString",
      "limit": 4.5
    },
    {
      "name": "BasicAuthDetector"
    },
    {
      "name": "CloudantDetector"
    },
    {
      "name": "DiscordBotTokenDetector"
    },
    {
      "name": "GitHubTokenDetector"
    },
    {
      "name": "GitLabTokenDetector"
    },
    {
      "name": "HexHighEntropyString",
      "limit": 3.0
    },
    {
      "name": "IbmCloudIamDetector"
    },
    {
      "name": "IbmCosHmacDetector"
    },
    {
      "name": "IPPublicDetector"
    },
    {
      "name": "JwtTokenDetector"
    },
    {
      "name": "KeywordDetector",
      "keyword_exclude": ""
    },
    {
      "name": "MailchimpDetector"
    },
    {
      "name": "NpmDetector"
    },
    {
      "name": "OpenAIDetector"
    },
    {
      "name": "PrivateKeyDetector"
    },
    {
      "name": "PypiTokenDetector"
    },
    {
      "name": "SendGridDetector"
    },
    {
      "name": "SlackDetector"
    },
    {
      "name": "SoftlayerDetector"
    },
    {
      "name": "SquareOAuthDetector"
    },
    {
      "name": "StripeDetector"
    },
    {
      "name": "TelegramBotTokenDetector"
    },
    {
      "name": "TwilioKeyDetector"
    }
  ],
  "filters_used": [
    {
      "path": "detect_secrets.filters.allowlist.is_line_allowlisted"
    },
    {
      "path": "detect_secrets.filters.common.is_baseline_file",
      "filename": ".secrets.baseline"
    },
    {
      "path": "detect_secrets.filters.common.is_ignored_due_to_verification_policies",
      "min_level": 2
    },
    {
      "path": "detect_secrets.filters.heuristic.is_indirect_reference"
    },
    {
      "path": "detect_secrets.filters.heuristic.is_likely_id_string"
    },
    {
      "path": "detect_secrets.filters.heuristic.is_lock_file"
    },
    {
      "path": "detect_secrets.filters.heuristic.is_not_alphanumeric_string"
    },
    {
      "path": "detect_secrets.filters.heuristic.is_potential_uuid"
    },
    {
      "path": "detect_secrets.filters.heuristic.is_prefixed_with_dollar_sign"
    },
    {
      "path": "detect_secrets.filters.heuristic.is_sequential_string"
    },
    {
      "path": "detect_secrets.filters.heuristic.is_swagger_file"
    },
    {
      "path": "detect_secrets.filters.heuristic.is_templated_secret"
    },
    {
      "path": "detect_secrets.filters.regex.should_exclude_file",
      "pattern": [
        "^tests/fixtures/"
      ]
    }
  ],
  "results": {
    ".forge-template": [
      {
        "type": "Hex High Entropy String",
        "filename": ".forge-template",
        "hashed_secret": "528d980163670718a96f23b052addc81103fed9a",
        "is_verified": false,
        "line_number": 2
      }
    ],
    ".specify\\integrations\\claude.manifest.json": [
      {
        "type": "Hex High Entropy String",
        "filename": ".specify\\integrations\\claude.manifest.json",
        "hashed_secret": "70ac36701b913a8f4c37fc0a03a6f64ddb79e582",
        "is_verified": false,
        "line_number": 6
      },
      {
        "type": "Hex High Entropy String",
        "filename": ".specify\\integrations\\claude.manifest.json",
        "hashed_secret": "9b923d4b91c213a48e3f1d147f705c893ecdc791",
        "is_verified": false,
        "line_number": 7
      },
      {
        "type": "Hex High Entropy String",
        "filename": ".specify\\integrations\\claude.manifest.json",
        "hashed_secret": "df324ed7e633777683b75682017a6d5bddad7d97",
        "is_verified": false,
        "line_number": 8
      },
      {
        "type": "Hex High Entropy String",
        "filename": ".specify\\integrations\\claude.manifest.json",
        "hashed_secret": "9f794e3beaeb3fa394b1127ba7101975f08409b7",
        "is_verified": false,
        "line_number": 9
      },
      {
        "type": "Hex High Entropy String",
        "filename": ".specify\\integrations\\claude.manifest.json",
        "hashed_secret": "d16f6c770517f10fa63dcda52fa8847439f8544f",
        "is_verified": false,
        "line_number": 10
      },
      {
        "type": "Hex High Entropy String",
        "filename": ".specify\\integrations\\claude.manifest.json",
        "hashed_secret": "60d67682e9ef3ff936b786828c13f32a081ad0e3",
        "is_verified": false,
        "line_number": 11
      },
      {
        "type": "Hex High Entropy String",
        "filename": ".specify\\integrations\\claude.manifest.json",
        "hashed_secret": "c9469c4bd0a260eebd8897ba4547549e6388ed0d",
        "is_verified": false,
        "line_number": 12
      },
      {
        "type": "Hex High Entropy String",
        "filename": ".specify\\integrations\\claude.manifest.json",
        "hashed_secret": "9bf202651c594276726e166a160a0d2d0e782ba6",
        "is_verified": false,
        "line_number": 13
      },
      {
        "type": "Hex High Entropy String",
        "filename": ".specify\\integrations\\claude.manifest.json",
        "hashed_secret": "66e8380acf0c0a1c6422d042aa504500efff5592",
        "is_verified": false,
        "line_number": 14
      }
    ],
    ".specify\\integrations\\speckit.manifest.json": [
      {
        "type": "Hex High Entropy String",
        "filename": ".specify\\integrations\\speckit.manifest.json",
        "hashed_secret": "29b982f3b42cae85af4c21c23338a6f59a6db54c",
        "is_verified": false,
        "line_number": 6
      },
      {
        "type": "Hex High Entropy String",
        "filename": ".specify\\integrations\\speckit.manifest.json",
        "hashed_secret": "a87832edd273b0d38a2e55cb38d38d44dedd5652",
        "is_verified": false,
        "line_number": 7
      },
      {
        "type": "Hex High Entropy String",
        "filename": ".specify\\integrations\\speckit.manifest.json",
        "hashed_secret": "ddd6844f6a7c3ee5f7e6dd51eded83db3567faba",
        "is_verified": false,
        "line_number": 8
      },
      {
        "type": "Hex High Entropy String",
        "filename": ".specify\\integrations\\speckit.manifest.json",
        "hashed_secret": "37fffbfd33427fb381dd4499773d541bb635c173",
        "is_verified": false,
        "line_number": 9
      },
      {
        "type": "Hex High Entropy String",
        "filename": ".specify\\integrations\\speckit.manifest.json",
        "hashed_secret": "bb8d6742113eef5d976133e844c73d4389aa4d5c",
        "is_verified": false,
        "line_number": 10
      },
      {
        "type": "Hex High Entropy String",
        "filename": ".specify\\integrations\\speckit.manifest.json",
        "hashed_secret": "5021915fe2b7aa7b316ec61fe692ffbbd160cf86",
        "is_verified": false,
        "line_number": 11
      },
      {
        "type": "Hex High Entropy String",
        "filename": ".specify\\integrations\\speckit.manifest.json",
        "hashed_secret": "ecde51343aeae413aaba7dc0a5eb327c83bdd97f",
        "is_verified": false,
        "line_number": 12
      },
      {
        "type": "Hex High Entropy String",
        "filename": ".specify\\integrations\\speckit.manifest.json",
        "hashed_secret": "c554696d72d6042adfe986ae6a9346af56dcc3c0",
        "is_verified": false,
        "line_number": 13
      },
      {
        "type": "Hex High Entropy String",
        "filename": ".specify\\integrations\\speckit.manifest.json",
        "hashed_secret": "1cc789c9238e339abe947becc75953c91c51e4d8",
        "is_verified": false,
        "line_number": 14
      },
      {
        "type": "Hex High Entropy String",
        "filename": ".specify\\integrations\\speckit.manifest.json",
        "hashed_secret": "9ca09f61b0fce77137bb336a5537503f9f28be91",
        "is_verified": false,
        "line_number": 15
      },
      {
        "type": "Hex High Entropy String",
        "filename": ".specify\\integrations\\speckit.manifest.json",
        "hashed_secret": "cdc0caeb81ec1cf29e7928bbdb540ebe3f1fac86",
        "is_verified": false,
        "line_number": 16
      },
      {
        "type": "Hex High Entropy String",
        "filename": ".specify\\integrations\\speckit.manifest.json",
        "hashed_secret": "9b63101a5cbe0b0de79d9a6757814c4e7695ff5c",
        "is_verified": false,
        "line_number": 17
      },
      {
        "type": "Hex High Entropy String",
        "filename": ".specify\\integrations\\speckit.manifest.json",
        "hashed_secret": "a37ac87f1b421857ebfaa92f9a92c853cbd26b37",
        "is_verified": false,
        "line_number": 18
      },
      {
        "type": "Hex High Entropy String",
        "filename": ".specify\\integrations\\speckit.manifest.json",
        "hashed_secret": "80ef6e4da1d3ce92da2af6756df8a35354ee2998",
        "is_verified": false,
        "line_number": 19
      },
      {
        "type": "Hex High Entropy String",
        "filename": ".specify\\integrations\\speckit.manifest.json",
        "hashed_secret": "75e06787d5008efe1a9b4983f504b759b15e7035",
        "is_verified": false,
        "line_number": 20
      }
    ],
    "specs\\005-add-groupby-evaluation\\approval-state.json": [
      {
        "type": "Hex High Entropy String",
        "filename": "specs\\005-add-groupby-evaluation\\approval-state.json",
        "hashed_secret": "931832fb05bb71b0bc5f2835da89f9606373c748",
        "is_verified": false,
        "line_number": 3
      }
    ],
    "tests\\test_rest_client.py": [
      {
        "type": "Secret Keyword",
        "filename": "tests\\test_rest_client.py",
        "hashed_secret": "3acfb2c2b433c0ea7ff107e33df91b18e52f960f",
        "is_verified": false,
        "line_number": 33
      },
      {
        "type": "Secret Keyword",
        "filename": "tests\\test_rest_client.py",
        "hashed_secret": "48854c46907b8f99e4c4c711f3fb7336a93bc290",
        "is_verified": false,
        "line_number": 89
      },
      {
        "type": "Secret Keyword",
        "filename": "tests\\test_rest_client.py",
        "hashed_secret": "01c92a77244f5e8e3b1e566c4a9266e724de6d98",
        "is_verified": false,
        "line_number": 323
      }
    ]
  },
  "generated_at": "2026-06-14T02:02:55Z"
}
